// Jest Snapshot v1, https://jestjs.io/docs/snapshot-testing

exports[`should match snapshot 1`] = `
<DocumentFragment>
  <header
    class="header"
  >
    <h1>
      todos
    </h1>
    <input
      class="new-todo"
      placeholder="What needs to be done?"
      type="text"
      value=""
    />
  </header>
</DocumentFragment>
`;
